impossible
impossible
impossible
impossible
impossible
impossible
impossible
impossible
impossible
impossible
impossible
impossible
impossible
impossible
impossible
impossible
impossible
impossible
impossible
impossible
impossible
61
impossible
impossible
impossible
impossible
impossible
impossible
impossible
impossible
impossible
impossible
impossible
impossible
impossible
impossible
impossible
impossible
impossible
impossible
impossible
impossible
impossible
impossible
impossible
impossible
impossible
impossible
impossible
impossible
impossible
impossible
impossible
impossible
impossible
164
impossible
impossible
impossible
impossible
impossible
impossible
impossible
impossible
impossible
47
274
impossible
impossible
impossible
impossible
impossible
impossible
impossible
impossible
impossible
impossible
impossible
impossible
impossible
impossible
impossible
impossible
impossible
60
impossible
impossible
impossible
impossible
impossible
impossible
impossible
impossible
impossible
impossible
433
impossible
impossible
impossible
impossible
impossible
impossible
impossible
impossible
impossible
impossible
impossible
impossible
impossible
impossible
impossible
impossible
impossible
impossible
impossible
impossible
impossible
impossible
impossible
impossible
impossible
impossible
impossible
impossible
impossible
impossible
impossible
impossible
impossible
impossible
impossible
impossible
impossible
impossible
impossible
impossible
102
impossible
impossible
impossible
impossible
impossible
impossible
impossible
impossible
impossible
impossible
impossible
impossible
impossible
impossible
impossible
impossible
impossible
impossible
impossible
353
impossible
impossible
impossible
impossible
impossible
impossible
impossible
impossible
impossible
impossible
impossible
impossible
impossible
impossible
impossible
impossible
impossible
impossible
impossible
impossible
impossible
impossible
impossible
impossible
impossible
impossible
impossible
impossible
212
impossible
impossible
impossible
impossible
impossible
impossible
impossible
impossible
248
impossible
152
impossible
impossible
impossible
impossible
impossible
impossible
impossible
impossible
impossible
impossible
impossible
impossible
impossible
impossible
impossible
impossible
impossible
impossible
impossible
impossible
impossible
impossible
impossible
impossible
impossible
impossible
impossible
impossible
impossible
impossible
impossible
impossible
impossible
impossible
impossible
impossible
impossible
impossible
impossible
impossible
impossible
impossible
impossible
impossible
impossible
impossible
impossible
impossible
impossible
impossible
impossible
impossible
impossible
impossible
impossible
impossible
impossible
impossible
impossible
impossible
impossible
impossible
impossible
impossible
impossible
impossible
impossible
impossible
impossible
impossible
impossible
impossible
impossible
impossible
impossible
impossible
impossible
impossible
impossible
impossible
impossible
impossible
impossible
impossible
impossible
impossible
impossible
impossible
impossible
impossible
impossible
impossible
impossible
impossible
impossible
impossible
impossible
impossible
impossible
impossible
impossible
impossible
impossible
impossible
impossible
impossible
impossible
impossible
impossible
impossible
impossible
impossible
impossible
impossible
impossible
impossible
impossible
impossible
impossible
impossible
impossible
impossible
impossible
impossible
impossible
impossible
157
impossible
impossible
impossible
impossible
impossible
impossible
impossible
impossible
impossible
impossible
impossible
impossible
impossible
impossible
195
impossible
impossible
impossible
impossible
impossible
impossible
impossible
impossible
impossible
impossible
impossible
impossible
impossible
impossible
impossible
impossible
impossible
impossible
impossible
impossible
impossible
impossible
impossible
impossible
impossible
impossible
impossible
impossible
impossible
impossible
impossible
impossible
320
impossible
impossible
impossible
impossible
impossible
impossible
impossible
impossible
impossible
impossible
impossible
impossible
impossible
impossible
impossible
impossible
impossible
impossible
impossible
impossible
impossible
impossible
impossible
impossible
impossible
impossible
impossible
impossible
impossible
impossible
impossible
impossible
impossible
impossible
impossible
impossible
impossible
impossible
impossible
impossible
impossible
impossible
impossible
impossible
impossible
impossible
impossible
impossible
impossible
impossible
impossible
impossible
impossible
impossible
impossible
impossible
impossible
impossible
impossible
impossible
impossible
impossible
impossible
impossible
439
impossible
173
impossible
impossible
impossible
impossible
impossible
impossible
impossible
impossible
impossible
impossible
impossible
impossible
impossible
impossible
impossible
impossible
impossible
impossible
impossible
impossible
impossible
impossible
impossible
impossible
impossible
impossible
impossible
impossible
impossible
impossible
impossible
impossible
impossible
impossible
impossible
impossible
impossible
impossible
impossible
impossible
impossible
impossible
impossible
impossible
impossible
impossible
impossible
impossible
impossible
impossible
impossible
impossible
impossible
impossible
impossible
impossible
impossible
impossible
impossible
impossible
impossible
impossible
impossible
impossible
impossible
impossible
impossible
impossible
impossible
impossible
impossible
impossible
impossible
impossible
impossible
impossible
impossible
impossible
impossible
impossible
impossible
impossible
impossible
impossible
181
impossible
impossible
impossible
17
impossible
impossible
impossible
impossible
impossible
impossible
impossible
impossible
impossible
403
impossible
impossible
impossible
impossible
impossible
impossible
impossible
impossible
impossible
impossible
impossible
impossible
impossible
impossible
impossible
impossible
impossible
impossible
impossible
impossible
impossible
impossible
impossible
impossible
impossible
impossible
impossible
impossible
impossible
impossible
impossible
impossible
impossible
impossible
impossible
impossible
impossible
impossible
impossible
impossible
impossible
impossible
impossible
impossible
impossible
impossible
impossible
impossible
impossible
impossible
impossible
impossible
impossible
impossible
impossible
impossible
impossible
impossible
impossible
impossible
impossible
impossible
impossible
impossible
impossible
impossible
impossible
impossible
impossible
impossible
impossible
impossible
impossible
impossible
impossible
impossible
impossible
impossible
impossible
impossible
impossible
impossible
impossible
impossible
impossible
impossible
impossible
impossible
impossible
impossible
impossible
impossible
impossible
impossible
impossible
impossible
impossible
impossible
impossible
impossible
impossible
impossible
impossible
impossible
impossible
impossible
impossible
impossible
impossible
impossible
impossible
impossible
impossible
impossible
impossible
impossible
impossible
impossible
impossible
impossible
impossible
impossible
impossible
impossible
impossible
impossible
impossible
impossible
impossible
impossible
impossible
impossible
impossible
impossible
impossible
impossible
impossible
impossible
impossible
impossible
impossible
impossible
impossible
impossible
impossible
impossible
impossible
impossible
impossible
impossible
impossible
impossible
impossible
impossible
impossible
impossible
impossible
impossible
impossible
impossible
impossible
impossible
impossible
impossible
impossible
impossible
impossible
impossible
impossible
impossible
impossible
impossible
impossible
impossible
impossible
