impossible
impossible
impossible
impossible
impossible
impossible
impossible
impossible
impossible
impossible
impossible
impossible
impossible
impossible
impossible
280
impossible
impossible
impossible
impossible
impossible
impossible
impossible
impossible
impossible
impossible
impossible
impossible
313
impossible
impossible
impossible
impossible
impossible
impossible
impossible
impossible
impossible
625
impossible
658
impossible
impossible
impossible
impossible
impossible
impossible
864
impossible
impossible
impossible
impossible
impossible
impossible
impossible
impossible
693
impossible
impossible
impossible
impossible
impossible
886
impossible
impossible
