impossible
impossible
impossible
impossible
impossible
impossible
impossible
impossible
impossible
impossible
impossible
impossible
impossible
impossible
impossible
impossible
impossible
impossible
impossible
impossible
impossible
impossible
impossible
impossible
impossible
impossible
impossible
impossible
impossible
impossible
impossible
impossible
impossible
impossible
impossible
impossible
impossible
impossible
impossible
impossible
impossible
impossible
impossible
impossible
impossible
impossible
impossible
impossible
impossible
impossible
impossible
impossible
295
impossible
impossible
impossible
impossible
impossible
impossible
impossible
impossible
impossible
impossible
impossible
impossible
impossible
impossible
impossible
impossible
impossible
impossible
impossible
impossible
impossible
impossible
679
impossible
impossible
impossible
impossible
impossible
impossible
impossible
impossible
impossible
impossible
impossible
impossible
impossible
impossible
207
impossible
impossible
impossible
impossible
impossible
impossible
impossible
impossible
impossible
impossible
impossible
impossible
281
impossible
impossible
impossible
impossible
impossible
impossible
impossible
impossible
impossible
impossible
impossible
impossible
impossible
impossible
impossible
impossible
impossible
impossible
impossible
impossible
impossible
impossible
impossible
impossible
62
impossible
impossible
196
impossible
impossible
impossible
impossible
impossible
impossible
impossible
impossible
impossible
impossible
impossible
impossible
624
impossible
impossible
495
709
impossible
impossible
impossible
impossible
impossible
impossible
impossible
206
impossible
impossible
impossible
impossible
impossible
impossible
impossible
impossible
impossible
impossible
impossible
impossible
impossible
impossible
impossible
59
impossible
impossible
impossible
impossible
impossible
impossible
impossible
impossible
impossible
impossible
impossible
impossible
impossible
impossible
impossible
impossible
impossible
impossible
impossible
impossible
impossible
impossible
impossible
impossible
impossible
impossible
impossible
impossible
impossible
impossible
impossible
impossible
impossible
369
impossible
impossible
impossible
impossible
impossible
impossible
impossible
impossible
impossible
impossible
impossible
impossible
impossible
impossible
impossible
impossible
impossible
impossible
impossible
impossible
impossible
impossible
impossible
impossible
impossible
impossible
impossible
impossible
impossible
impossible
impossible
impossible
impossible
impossible
impossible
impossible
impossible
impossible
impossible
impossible
impossible
impossible
impossible
impossible
impossible
impossible
impossible
impossible
impossible
699
impossible
impossible
impossible
impossible
impossible
impossible
impossible
impossible
impossible
impossible
impossible
impossible
impossible
impossible
impossible
impossible
impossible
impossible
389
impossible
impossible
impossible
impossible
impossible
537
impossible
impossible
impossible
impossible
impossible
impossible
impossible
impossible
impossible
impossible
impossible
impossible
impossible
impossible
impossible
impossible
impossible
impossible
impossible
impossible
impossible
impossible
impossible
impossible
impossible
impossible
impossible
impossible
impossible
impossible
impossible
impossible
impossible
impossible
impossible
impossible
impossible
impossible
impossible
impossible
impossible
627
impossible
impossible
impossible
impossible
impossible
impossible
825
impossible
impossible
impossible
impossible
impossible
impossible
impossible
impossible
113
impossible
impossible
impossible
impossible
impossible
impossible
impossible
impossible
impossible
impossible
impossible
impossible
impossible
impossible
impossible
358
impossible
impossible
impossible
impossible
438
impossible
impossible
impossible
404
impossible
impossible
impossible
impossible
impossible
impossible
impossible
impossible
impossible
impossible
impossible
impossible
impossible
impossible
impossible
impossible
impossible
impossible
impossible
impossible
impossible
impossible
impossible
impossible
impossible
impossible
impossible
impossible
impossible
impossible
impossible
impossible
impossible
impossible
impossible
impossible
impossible
impossible
impossible
impossible
impossible
impossible
impossible
impossible
impossible
impossible
impossible
impossible
impossible
impossible
impossible
impossible
impossible
impossible
impossible
impossible
impossible
impossible
impossible
impossible
impossible
impossible
impossible
impossible
impossible
310
impossible
impossible
impossible
406
impossible
impossible
impossible
impossible
impossible
impossible
impossible
impossible
impossible
impossible
impossible
impossible
impossible
impossible
impossible
impossible
impossible
impossible
impossible
impossible
impossible
impossible
impossible
impossible
impossible
impossible
impossible
impossible
impossible
impossible
impossible
impossible
impossible
impossible
impossible
impossible
impossible
impossible
impossible
impossible
impossible
impossible
impossible
impossible
impossible
impossible
impossible
impossible
impossible
impossible
impossible
impossible
impossible
impossible
impossible
impossible
impossible
impossible
impossible
impossible
impossible
impossible
impossible
impossible
impossible
impossible
impossible
impossible
impossible
impossible
impossible
impossible
impossible
impossible
impossible
impossible
impossible
impossible
impossible
impossible
impossible
impossible
impossible
impossible
impossible
impossible
impossible
impossible
impossible
impossible
impossible
impossible
impossible
impossible
impossible
impossible
impossible
impossible
impossible
41
impossible
impossible
impossible
impossible
impossible
impossible
impossible
impossible
impossible
impossible
impossible
impossible
impossible
impossible
impossible
impossible
impossible
impossible
impossible
impossible
impossible
impossible
impossible
impossible
impossible
impossible
impossible
impossible
impossible
impossible
impossible
impossible
impossible
impossible
impossible
impossible
impossible
impossible
492
impossible
impossible
impossible
impossible
impossible
impossible
impossible
impossible
impossible
impossible
impossible
impossible
74
impossible
impossible
impossible
impossible
impossible
impossible
impossible
impossible
impossible
impossible
impossible
impossible
impossible
impossible
impossible
impossible
impossible
impossible
602
impossible
impossible
impossible
impossible
impossible
impossible
impossible
impossible
impossible
impossible
impossible
impossible
impossible
impossible
impossible
impossible
impossible
impossible
impossible
impossible
impossible
impossible
impossible
impossible
impossible
impossible
impossible
impossible
386
impossible
impossible
impossible
impossible
impossible
impossible
impossible
impossible
impossible
impossible
impossible
impossible
impossible
impossible
impossible
impossible
impossible
impossible
impossible
impossible
impossible
impossible
impossible
impossible
impossible
impossible
impossible
impossible
impossible
impossible
impossible
impossible
impossible
impossible
impossible
impossible
impossible
impossible
impossible
impossible
impossible
impossible
impossible
impossible
impossible
impossible
impossible
impossible
impossible
870
impossible
impossible
impossible
impossible
impossible
impossible
impossible
impossible
impossible
impossible
impossible
impossible
impossible
impossible
impossible
impossible
impossible
impossible
impossible
impossible
impossible
impossible
impossible
impossible
611
impossible
impossible
impossible
impossible
impossible
impossible
impossible
impossible
impossible
impossible
impossible
impossible
impossible
impossible
impossible
impossible
impossible
impossible
impossible
impossible
369
impossible
impossible
333
impossible
impossible
impossible
impossible
impossible
impossible
impossible
impossible
impossible
impossible
impossible
impossible
impossible
impossible
impossible
impossible
impossible
impossible
impossible
impossible
impossible
impossible
impossible
impossible
impossible
impossible
impossible
815
impossible
impossible
impossible
impossible
impossible
impossible
impossible
impossible
impossible
impossible
impossible
impossible
impossible
impossible
impossible
impossible
impossible
impossible
impossible
impossible
impossible
impossible
impossible
impossible
673
impossible
impossible
impossible
impossible
impossible
impossible
impossible
impossible
352
impossible
impossible
impossible
impossible
373
impossible
impossible
impossible
impossible
impossible
impossible
impossible
impossible
impossible
impossible
impossible
impossible
impossible
impossible
480
impossible
impossible
impossible
impossible
impossible
impossible
impossible
511
impossible
impossible
impossible
impossible
impossible
impossible
impossible
impossible
impossible
impossible
impossible
impossible
impossible
impossible
impossible
impossible
impossible
impossible
impossible
impossible
impossible
impossible
impossible
impossible
impossible
impossible
impossible
impossible
impossible
impossible
793
270
impossible
impossible
impossible
impossible
impossible
impossible
impossible
impossible
impossible
impossible
impossible
736
impossible
impossible
impossible
impossible
impossible
impossible
impossible
impossible
impossible
impossible
impossible
impossible
impossible
impossible
impossible
impossible
impossible
impossible
impossible
impossible
impossible
impossible
impossible
impossible
impossible
impossible
impossible
impossible
impossible
impossible
impossible
impossible
impossible
impossible
impossible
impossible
impossible
impossible
impossible
impossible
impossible
impossible
impossible
impossible
impossible
impossible
impossible
impossible
impossible
impossible
impossible
impossible
impossible
impossible
impossible
impossible
impossible
impossible
impossible
impossible
impossible
impossible
impossible
impossible
impossible
impossible
impossible
422
impossible
impossible
impossible
impossible
impossible
impossible
impossible
impossible
impossible
impossible
impossible
impossible
impossible
impossible
impossible
impossible
impossible
impossible
impossible
impossible
impossible
impossible
impossible
impossible
impossible
impossible
805
impossible
573
390
impossible
impossible
impossible
impossible
impossible
impossible
impossible
impossible
impossible
impossible
impossible
impossible
