impossible
impossible
impossible
impossible
impossible
impossible
impossible
impossible
impossible
impossible
impossible
impossible
impossible
impossible
impossible
impossible
impossible
impossible
impossible
impossible
impossible
impossible
impossible
impossible
impossible
impossible
impossible
impossible
impossible
impossible
impossible
impossible
impossible
impossible
impossible
impossible
impossible
impossible
impossible
impossible
impossible
impossible
impossible
impossible
impossible
impossible
impossible
impossible
impossible
impossible
impossible
impossible
impossible
impossible
impossible
impossible
impossible
impossible
impossible
impossible
impossible
impossible
impossible
impossible
impossible
impossible
impossible
impossible
impossible
impossible
impossible
impossible
impossible
impossible
impossible
impossible
impossible
impossible
impossible
impossible
impossible
impossible
impossible
impossible
impossible
impossible
impossible
impossible
impossible
impossible
impossible
impossible
impossible
impossible
impossible
impossible
impossible
impossible
impossible
impossible
impossible
impossible
impossible
impossible
impossible
impossible
impossible
impossible
impossible
impossible
impossible
impossible
impossible
impossible
impossible
impossible
impossible
impossible
impossible
impossible
impossible
impossible
impossible
impossible
impossible
impossible
impossible
impossible
impossible
impossible
impossible
impossible
impossible
impossible
impossible
impossible
impossible
impossible
impossible
impossible
impossible
impossible
impossible
impossible
impossible
impossible
impossible
impossible
impossible
impossible
impossible
impossible
impossible
impossible
impossible
impossible
impossible
impossible
impossible
impossible
impossible
impossible
impossible
impossible
impossible
impossible
impossible
impossible
impossible
impossible
impossible
impossible
impossible
impossible
impossible
impossible
impossible
impossible
impossible
impossible
impossible
impossible
impossible
impossible
impossible
impossible
impossible
impossible
impossible
impossible
impossible
impossible
impossible
impossible
impossible
impossible
impossible
impossible
impossible
impossible
impossible
impossible
impossible
impossible
impossible
impossible
impossible
impossible
impossible
impossible
impossible
impossible
impossible
impossible
impossible
impossible
impossible
impossible
impossible
impossible
impossible
impossible
impossible
impossible
impossible
impossible
impossible
impossible
impossible
impossible
impossible
impossible
impossible
impossible
impossible
impossible
impossible
impossible
impossible
impossible
impossible
impossible
impossible
impossible
impossible
impossible
impossible
impossible
impossible
impossible
impossible
impossible
impossible
impossible
impossible
impossible
impossible
impossible
impossible
impossible
impossible
impossible
impossible
impossible
impossible
impossible
impossible
impossible
impossible
impossible
impossible
impossible
impossible
impossible
impossible
impossible
impossible
impossible
impossible
impossible
impossible
impossible
impossible
impossible
impossible
impossible
impossible
impossible
impossible
impossible
impossible
impossible
impossible
impossible
impossible
impossible
impossible
impossible
impossible
impossible
impossible
impossible
impossible
impossible
impossible
impossible
impossible
impossible
impossible
impossible
impossible
impossible
impossible
impossible
impossible
impossible
impossible
impossible
impossible
impossible
impossible
impossible
impossible
impossible
impossible
impossible
impossible
impossible
impossible
impossible
impossible
impossible
impossible
impossible
impossible
impossible
impossible
impossible
impossible
impossible
impossible
impossible
impossible
impossible
impossible
impossible
impossible
impossible
impossible
impossible
impossible
impossible
impossible
impossible
impossible
impossible
impossible
impossible
impossible
impossible
impossible
impossible
impossible
impossible
impossible
impossible
impossible
impossible
impossible
impossible
impossible
impossible
impossible
impossible
impossible
impossible
impossible
impossible
impossible
impossible
impossible
impossible
impossible
impossible
impossible
impossible
impossible
impossible
impossible
impossible
impossible
impossible
impossible
impossible
impossible
impossible
impossible
impossible
impossible
impossible
impossible
impossible
impossible
impossible
impossible
impossible
impossible
impossible
impossible
impossible
impossible
impossible
impossible
impossible
impossible
impossible
impossible
impossible
impossible
impossible
impossible
impossible
impossible
impossible
impossible
impossible
impossible
impossible
impossible
impossible
impossible
impossible
impossible
impossible
impossible
impossible
impossible
impossible
impossible
impossible
impossible
impossible
impossible
impossible
impossible
impossible
impossible
impossible
impossible
impossible
impossible
impossible
impossible
impossible
impossible
impossible
impossible
impossible
impossible
impossible
impossible
impossible
impossible
impossible
impossible
impossible
impossible
impossible
impossible
impossible
impossible
impossible
impossible
impossible
impossible
impossible
impossible
impossible
impossible
impossible
impossible
impossible
impossible
impossible
impossible
impossible
impossible
impossible
impossible
impossible
impossible
impossible
impossible
impossible
impossible
impossible
impossible
impossible
impossible
impossible
impossible
impossible
impossible
impossible
impossible
impossible
impossible
impossible
impossible
impossible
impossible
impossible
impossible
impossible
impossible
impossible
impossible
impossible
impossible
impossible
impossible
impossible
impossible
impossible
impossible
impossible
impossible
impossible
impossible
impossible
impossible
impossible
impossible
impossible
impossible
impossible
impossible
impossible
impossible
impossible
impossible
impossible
impossible
impossible
impossible
impossible
impossible
impossible
impossible
impossible
impossible
impossible
impossible
impossible
impossible
impossible
impossible
impossible
impossible
impossible
impossible
impossible
impossible
impossible
impossible
impossible
impossible
impossible
impossible
impossible
impossible
impossible
impossible
impossible
impossible
impossible
impossible
impossible
impossible
impossible
impossible
impossible
impossible
impossible
impossible
impossible
impossible
impossible
impossible
impossible
impossible
impossible
impossible
impossible
impossible
impossible
impossible
impossible
impossible
impossible
impossible
impossible
impossible
impossible
impossible
impossible
impossible
impossible
impossible
impossible
impossible
impossible
impossible
impossible
impossible
impossible
impossible
impossible
impossible
impossible
impossible
impossible
impossible
impossible
impossible
impossible
impossible
impossible
impossible
impossible
impossible
impossible
impossible
impossible
impossible
impossible
impossible
impossible
impossible
impossible
impossible
impossible
impossible
impossible
impossible
impossible
impossible
impossible
impossible
impossible
impossible
impossible
impossible
impossible
impossible
impossible
impossible
impossible
impossible
impossible
impossible
impossible
impossible
impossible
impossible
impossible
impossible
impossible
impossible
impossible
impossible
impossible
impossible
impossible
impossible
impossible
impossible
impossible
impossible
impossible
impossible
impossible
impossible
impossible
impossible
impossible
impossible
impossible
impossible
impossible
impossible
impossible
impossible
impossible
impossible
impossible
impossible
impossible
impossible
impossible
impossible
impossible
impossible
impossible
impossible
impossible
impossible
impossible
impossible
impossible
impossible
impossible
impossible
impossible
impossible
impossible
impossible
impossible
impossible
impossible
impossible
impossible
impossible
impossible
impossible
impossible
impossible
impossible
impossible
impossible
impossible
impossible
impossible
impossible
impossible
impossible
impossible
impossible
impossible
impossible
impossible
impossible
impossible
impossible
impossible
impossible
impossible
impossible
impossible
impossible
impossible
impossible
impossible
impossible
impossible
impossible
impossible
impossible
impossible
impossible
impossible
impossible
impossible
impossible
impossible
impossible
impossible
impossible
impossible
impossible
impossible
impossible
impossible
impossible
impossible
impossible
impossible
impossible
impossible
impossible
impossible
impossible
impossible
impossible
impossible
impossible
impossible
impossible
impossible
impossible
impossible
impossible
impossible
impossible
impossible
impossible
impossible
impossible
impossible
impossible
impossible
impossible
impossible
impossible
impossible
impossible
impossible
impossible
impossible
impossible
impossible
impossible
impossible
impossible
impossible
impossible
impossible
impossible
impossible
impossible
impossible
impossible
impossible
impossible
impossible
impossible
impossible
impossible
impossible
impossible
impossible
impossible
impossible
impossible
impossible
impossible
impossible
impossible
impossible
impossible
impossible
impossible
impossible
impossible
impossible
impossible
impossible
impossible
impossible
impossible
impossible
impossible
impossible
impossible
impossible
impossible
impossible
impossible
impossible
impossible
impossible
impossible
impossible
impossible
impossible
impossible
impossible
impossible
impossible
impossible
impossible
impossible
impossible
impossible
impossible
impossible
impossible
impossible
impossible
impossible
impossible
impossible
impossible
impossible
impossible
impossible
impossible
impossible
impossible
impossible
impossible
impossible
impossible
impossible
impossible
impossible
impossible
impossible
impossible
impossible
impossible
impossible
impossible
impossible
impossible
impossible
impossible
impossible
impossible
impossible
impossible
impossible
impossible
impossible
impossible
impossible
impossible
impossible
impossible
impossible
impossible
impossible
impossible
impossible
impossible
impossible
impossible
impossible
impossible
impossible
impossible
impossible
impossible
impossible
impossible
impossible
impossible
impossible
impossible
impossible
impossible
impossible
impossible
impossible
impossible
impossible
impossible
impossible
impossible
impossible
impossible
impossible
impossible
impossible
impossible
impossible
impossible
impossible
impossible
impossible
impossible
impossible
impossible
impossible
impossible
impossible
impossible
impossible
impossible
impossible
impossible
impossible
impossible
impossible
impossible
impossible
impossible
impossible
impossible
impossible
impossible
impossible
impossible
impossible
impossible
impossible
impossible
impossible
impossible
impossible
impossible
impossible
impossible
impossible
impossible
impossible
impossible
impossible
impossible
impossible
impossible
impossible
impossible
impossible
impossible
impossible
impossible
impossible
impossible
impossible
impossible
impossible
impossible
impossible
impossible
impossible
impossible
impossible
impossible
impossible
impossible
impossible
impossible
impossible
impossible
impossible
impossible
impossible
impossible
impossible
impossible
impossible
impossible
impossible
impossible
impossible
impossible
impossible
impossible
impossible
impossible
impossible
impossible
impossible
impossible
impossible
impossible
impossible
impossible
impossible
impossible
impossible
impossible
impossible
impossible
impossible
impossible
impossible
impossible
impossible
impossible
impossible
impossible
impossible
impossible
impossible
impossible
impossible
impossible
impossible
impossible
impossible
impossible
impossible
impossible
impossible
impossible
impossible
impossible
impossible
impossible
impossible
impossible
impossible
impossible
impossible
impossible
impossible
impossible
impossible
impossible
impossible
impossible
impossible
impossible
impossible
impossible
impossible
impossible
impossible
impossible
impossible
impossible
impossible
impossible
impossible
impossible
impossible
impossible
impossible
impossible
impossible
impossible
impossible
impossible
impossible
impossible
impossible
impossible
impossible
impossible
impossible
impossible
impossible
impossible
impossible
impossible
impossible
impossible
impossible
impossible
impossible
impossible
impossible
impossible
impossible
impossible
impossible
impossible
impossible
impossible
impossible
impossible
impossible
impossible
impossible
impossible
impossible
impossible
impossible
impossible
impossible
impossible
impossible
impossible
impossible
impossible
impossible
impossible
impossible
impossible
impossible
impossible
impossible
impossible
impossible
impossible
impossible
impossible
impossible
impossible
impossible
impossible
impossible
impossible
impossible
impossible
impossible
impossible
impossible
impossible
impossible
impossible
impossible
impossible
impossible
impossible
impossible
impossible
impossible
impossible
impossible
impossible
impossible
impossible
impossible
impossible
impossible
impossible
impossible
impossible
impossible
impossible
impossible
impossible
impossible
impossible
impossible
impossible
impossible
impossible
impossible
impossible
impossible
impossible
impossible
impossible
impossible
impossible
impossible
impossible
impossible
impossible
impossible
impossible
impossible
impossible
impossible
impossible
impossible
impossible
impossible
impossible
impossible
impossible
impossible
impossible
impossible
impossible
impossible
impossible
impossible
impossible
impossible
impossible
impossible
impossible
impossible
impossible
impossible
impossible
impossible
impossible
impossible
impossible
impossible
impossible
impossible
impossible
impossible
impossible
impossible
impossible
impossible
impossible
impossible
impossible
impossible
impossible
impossible
impossible
impossible
impossible
impossible
impossible
impossible
impossible
impossible
impossible
impossible
impossible
impossible
impossible
impossible
impossible
impossible
impossible
impossible
impossible
impossible
impossible
impossible
impossible
impossible
impossible
impossible
impossible
impossible
impossible
impossible
impossible
impossible
impossible
impossible
impossible
impossible
impossible
impossible
impossible
impossible
impossible
impossible
impossible
impossible
impossible
impossible
impossible
impossible
impossible
impossible
impossible
impossible
impossible
impossible
impossible
impossible
impossible
impossible
impossible
impossible
impossible
impossible
impossible
impossible
impossible
impossible
impossible
impossible
impossible
impossible
impossible
impossible
impossible
impossible
impossible
impossible
impossible
impossible
impossible
impossible
impossible
impossible
impossible
impossible
impossible
impossible
impossible
impossible
impossible
impossible
impossible
impossible
impossible
impossible
impossible
impossible
impossible
impossible
impossible
impossible
impossible
impossible
impossible
impossible
impossible
impossible
impossible
impossible
impossible
impossible
impossible
impossible
impossible
impossible
impossible
impossible
impossible
impossible
impossible
impossible
impossible
impossible
impossible
impossible
impossible
impossible
impossible
impossible
impossible
impossible
impossible
impossible
impossible
impossible
impossible
impossible
impossible
impossible
impossible
impossible
impossible
impossible
impossible
impossible
impossible
impossible
impossible
impossible
impossible
impossible
impossible
impossible
impossible
impossible
impossible
impossible
impossible
impossible
impossible
impossible
impossible
impossible
impossible
impossible
impossible
impossible
impossible
impossible
impossible
impossible
impossible
impossible
impossible
impossible
impossible
impossible
impossible
impossible
impossible
impossible
impossible
impossible
impossible
impossible
impossible
impossible
impossible
impossible
impossible
impossible
impossible
impossible
impossible
impossible
impossible
impossible
impossible
impossible
impossible
impossible
impossible
impossible
impossible
impossible
impossible
impossible
impossible
impossible
impossible
impossible
impossible
impossible
impossible
impossible
impossible
impossible
impossible
impossible
impossible
impossible
impossible
impossible
impossible
impossible
impossible
impossible
impossible
impossible
impossible
impossible
impossible
impossible
impossible
impossible
impossible
impossible
impossible
impossible
impossible
impossible
impossible
impossible
impossible
impossible
impossible
impossible
impossible
impossible
impossible
impossible
impossible
impossible
impossible
impossible
impossible
impossible
impossible
impossible
impossible
impossible
impossible
impossible
impossible
impossible
impossible
impossible
impossible
1297
impossible
impossible
impossible
impossible
impossible
impossible
impossible
impossible
impossible
impossible
impossible
impossible
impossible
impossible
impossible
impossible
impossible
impossible
impossible
impossible
impossible
impossible
impossible
impossible
impossible
impossible
impossible
impossible
impossible
impossible
impossible
impossible
impossible
impossible
impossible
impossible
impossible
impossible
impossible
impossible
impossible
impossible
impossible
impossible
impossible
impossible
impossible
impossible
impossible
impossible
impossible
impossible
impossible
impossible
impossible
impossible
impossible
impossible
impossible
impossible
impossible
impossible
impossible
impossible
impossible
impossible
impossible
impossible
impossible
impossible
impossible
impossible
impossible
impossible
impossible
impossible
impossible
impossible
impossible
impossible
impossible
impossible
impossible
impossible
impossible
impossible
impossible
impossible
impossible
impossible
impossible
impossible
impossible
impossible
impossible
impossible
impossible
impossible
impossible
impossible
impossible
impossible
impossible
impossible
impossible
impossible
impossible
impossible
impossible
impossible
impossible
impossible
impossible
impossible
impossible
impossible
impossible
impossible
impossible
impossible
impossible
impossible
impossible
impossible
impossible
impossible
impossible
impossible
impossible
impossible
impossible
impossible
impossible
impossible
impossible
impossible
impossible
impossible
impossible
impossible
impossible
impossible
impossible
impossible
impossible
impossible
impossible
impossible
impossible
impossible
impossible
impossible
impossible
impossible
impossible
impossible
impossible
impossible
impossible
impossible
impossible
impossible
impossible
impossible
impossible
impossible
impossible
impossible
impossible
impossible
impossible
impossible
impossible
impossible
impossible
impossible
impossible
impossible
impossible
impossible
impossible
impossible
impossible
impossible
impossible
impossible
impossible
impossible
impossible
impossible
impossible
impossible
impossible
impossible
impossible
impossible
impossible
impossible
impossible
impossible
impossible
impossible
impossible
impossible
impossible
impossible
impossible
impossible
impossible
impossible
impossible
impossible
impossible
impossible
impossible
impossible
impossible
impossible
impossible
impossible
impossible
impossible
impossible
impossible
impossible
impossible
impossible
impossible
impossible
impossible
impossible
impossible
impossible
impossible
impossible
impossible
impossible
impossible
impossible
impossible
impossible
impossible
impossible
impossible
impossible
impossible
impossible
impossible
impossible
impossible
impossible
impossible
impossible
impossible
impossible
impossible
impossible
impossible
impossible
impossible
impossible
impossible
impossible
impossible
impossible
impossible
impossible
impossible
impossible
impossible
impossible
impossible
impossible
impossible
impossible
impossible
impossible
impossible
impossible
impossible
impossible
impossible
impossible
impossible
impossible
impossible
impossible
impossible
impossible
impossible
impossible
impossible
impossible
impossible
impossible
impossible
impossible
impossible
impossible
impossible
impossible
impossible
impossible
impossible
impossible
impossible
impossible
impossible
impossible
impossible
impossible
impossible
impossible
impossible
impossible
impossible
impossible
impossible
impossible
impossible
impossible
impossible
impossible
impossible
impossible
impossible
impossible
impossible
impossible
impossible
impossible
impossible
impossible
impossible
impossible
impossible
impossible
impossible
impossible
impossible
impossible
impossible
impossible
impossible
impossible
impossible
impossible
impossible
impossible
impossible
impossible
impossible
impossible
impossible
impossible
impossible
impossible
impossible
impossible
impossible
impossible
impossible
impossible
impossible
impossible
impossible
impossible
impossible
impossible
impossible
impossible
impossible
impossible
impossible
impossible
impossible
impossible
impossible
impossible
impossible
impossible
impossible
impossible
impossible
impossible
impossible
impossible
impossible
impossible
impossible
impossible
impossible
impossible
impossible
impossible
impossible
impossible
impossible
